/Users/jayshah/Documents/Research work/asist_api/httptools/httptools/_version.py
/Users/jayshah/Documents/Research work/asist_api/httptools/httptools/__init__.py
/Users/jayshah/Documents/Research work/asist_api/httptools/httptools/parser/__init__.py
/Users/jayshah/Downloads/PuzzleGame Framework 3/sol/solution.py
/Users/jayshah/Documents/Research work/asist_api-main/main.py
/Users/jayshah/Downloads/PuzzleGame Framework 2/game/puzzle.py
/Users/jayshah/Downloads/PuzzleGame Framework 2/game/GeneratePuzzle.py
/Users/jayshah/Downloads/PuzzleGame Framework/game/button.py
/Users/jayshah/Downloads/PuzzleGame Framework/game/digit_sqr.py
/Users/jayshah/Downloads/PuzzleGame Framework/game/GeneratePuzzle.py
/Users/jayshah/Downloads/PuzzleGame Framework/game/highlight_digit.py
/Users/jayshah/Downloads/PuzzleGame Framework/game/Node.py
/Users/jayshah/Downloads/PuzzleGame Framework/game/puzzle.py
/Users/jayshah/Downloads/PuzzleGame Framework/game/__init__.py
/Users/jayshah/Desktop/Assignement_ 5_Shah_Jay/Lab_12_M4_Shah_Jay.py
/Users/jayshah/Documents/game.py
/Users/jayshah/ML/lab/python/pip_package/setup.py
/Users/jayshah/Desktop/html/JAY_LAB3.py
/Users/jayshah/Downloads/index.py
/Users/jayshah/Desktop/html/SHAH_CPS501_programming_assignment.py
/Users/jayshah/Desktop/html/ShahCPS501_LAB_2.py
